
[90m┌[39m  Building storybook v10.2.13
[90m│[39m
[32m◇[39m  Cleaning outputDir:
[90m│[39m  [36m../../../../../var/folders/rx/ccvqvvc1239_17nnckxnq4vr0000gn/T/chromatic--82570-vauVbkS0zo40[39m
[90m│[39m
[32m◇[39m  Loading presets
[90m│[39m
[32m◇[39m  Building manager..
[90m│[39m
[33m▲[39m  unable to find package.json for @chromatic-com/shared-e2e
[90m│[39m
[33m▲[39m  unable to find package.json for @rrweb/types
[90m│[39m
[33m▲[39m  unable to find package.json for @storybook/builder-webpack5
[90m│[39m
[33m▲[39m  unable to find package.json for @storybook/server
[90m│[39m
[33m▲[39m  unable to find package.json for @storybook/server-webpack5
[90m│[39m
[34m●[39m  Building preview..
[90m│[39m
[34m●[39m  Using implicit CSS loaders
[90m│[39m
[34m●[39m  Using default Webpack5 setup
[90m│[39m
[34m●[39m  Copying static files: [36mtest-results/chromatic-archives/archive[39m at
[90m│[39m  [36m../../../../../var/folders/rx/ccvqvvc1239_17nnckxnq4vr0000gn/T/chromatic--82570-vauVbkS0zo40[39m
[90m│[39m
[31m■[39m  Module parse failed: Unexpected token (11:72)
[90m│[39m  You may need an appropriate loader to handle this file type, currently
[90m│[39m  no loaders are configured to process this file. See
[90m│[39m  ]8;;https://webpack.js.org/concepts#loadershttps://webpack.js.org/concepts#loaders]8;;
[90m│[39m  |
[90m│[39m  | const getProjectAnnotations = () => {
[90m│[39m  >   const previewAnnotations =
[90m│[39m  [require('./node_modules/.pnpm/@chromatic-com+playwright@0.13.1_@playwright+test@1.59.1_@testing-library+dom@10.4.1_re_d49fe301d047c11fa20d774f0faf29e7/node_modules/@chromatic-com/playwright/embedded/node_modules/@storybook/server/dist/entry-preview.js'),require('./node_modules/.pnpm/@chromatic-com+playwright@0.13.1_@playwright+test@1.59.1_@testing-library+dom@10.4.1_re_d49fe301d047c11fa20d774f0faf29e7/node_modules/@chromatic-com/playwright/dist/storybook-config/preview.mjs'),require('./node_modules/.pnpm/@chromatic-com+playwright@0.13.1_@playwright+test@1.59.1_@testing-library+dom@10.4.1_re_d49fe301d047c11fa20d774f0faf29e7/node_modules/@chromatic-com/playwright/dist/storybook-config/preview.mjs')];
[90m│[39m  |   // the last one in this array is the user preview
[90m│[39m  |   const userPreview = previewAnnotations[previewAnnotations.length -
[90m│[39m  1]?.default;
[90m│[39m
[31m■[39m  Failed to build the preview
[90m│[39m
[31m■[39m  [38;2;241;97;97mSB_BUILDER-WEBPACK5_0003 (WebpackCompilationError): There were
[90m│[39m  problems when compiling your code with Webpack.
[90m│[39m  Run Storybook with --debug-webpack for more information.[39m
[90m│[39m  at
[90m│[39m  file:///Users/korabeland/projects/Korab's%20Personal%20Brand/korabeland.com/node_modules/.pnpm/@chromatic-com+playwright@0.13.1_@playwright+test@1.59.1_@testing-library+dom@10.4.1_re_d49fe301d047c11fa20d774f0faf29e7/node_modules/@chromatic-com/playwright/embedded/node_modules/@storybook/builder-webpack5/dist/index.js:840:83
[90m│[39m  at
[90m│[39m  ./node_modules/.pnpm/@chromatic-com+playwright@0.13.1_@playwright+test@1.59.1_@testing-library+dom@10.4.1_re_d49fe301d047c11fa20d774f0faf29e7/node_modules/@chromatic-com/playwright/embedded/node_modules/webpack/lib/HookWebpackError.js:96:2
[90m│[39m  at Hook.eval [as callAsync] (eval at create
[90m│[39m  (./node_modules/.pnpm/@chromatic-com+playwright@0.13.1_@playwright+test@1.59.1_@testing-library+dom@10.4.1_re_d49fe301d047c11fa20d774f0faf29e7/node_modules/@chromatic-com/playwright/embedded/node_modules/tapable/lib/HookCodeFactory.js:31:10),
[90m│[39m  <anonymous>:11:1)
[90m│[39m  at Hook.CALL_ASYNC_DELEGATE [as _callAsync]
[90m│[39m  (./node_modules/.pnpm/@chromatic-com+playwright@0.13.1_@playwright+test@1.59.1_@testing-library+dom@10.4.1_re_d49fe301d047c11fa20d774f0faf29e7/node_modules/@chromatic-com/playwright/embedded/node_modules/tapable/lib/Hook.js:21:14)
[90m│[39m  at Cache.shutdown
[90m│[39m  (./node_modules/.pnpm/@chromatic-com+playwright@0.13.1_@playwright+test@1.59.1_@testing-library+dom@10.4.1_re_d49fe301d047c11fa20d774f0faf29e7/node_modules/@chromatic-com/playwright/embedded/node_modules/webpack/lib/Cache.js:157:23)
[90m│[39m  at
[90m│[39m  ./node_modules/.pnpm/@chromatic-com+playwright@0.13.1_@playwright+test@1.59.1_@testing-library+dom@10.4.1_re_d49fe301d047c11fa20d774f0faf29e7/node_modules/@chromatic-com/playwright/embedded/node_modules/webpack/lib/Compiler.js:1408:15
[90m│[39m  at Hook.eval [as callAsync] (eval at create
[90m│[39m  (./node_modules/.pnpm/@chromatic-com+playwright@0.13.1_@playwright+test@1.59.1_@testing-library+dom@10.4.1_re_d49fe301d047c11fa20d774f0faf29e7/node_modules/@chromatic-com/playwright/embedded/node_modules/tapable/lib/HookCodeFactory.js:31:10),
[90m│[39m  <anonymous>:6:1)
[90m│[39m  at Hook.CALL_ASYNC_DELEGATE [as _callAsync]
[90m│[39m  (./node_modules/.pnpm/@chromatic-com+playwright@0.13.1_@playwright+test@1.59.1_@testing-library+dom@10.4.1_re_d49fe301d047c11fa20d774f0faf29e7/node_modules/@chromatic-com/playwright/embedded/node_modules/tapable/lib/Hook.js:21:14)
[90m│[39m  at Compiler.close
[90m│[39m  (./node_modules/.pnpm/@chromatic-com+playwright@0.13.1_@playwright+test@1.59.1_@testing-library+dom@10.4.1_re_d49fe301d047c11fa20d774f0faf29e7/node_modules/@chromatic-com/playwright/embedded/node_modules/webpack/lib/Compiler.js:1401:23)
[90m│[39m  at
[90m│[39m  file:///Users/korabeland/projects/Korab's%20Personal%20Brand/korabeland.com/node_modules/.pnpm/@chromatic-com+playwright@0.13.1_@playwright+test@1.59.1_@testing-library+dom@10.4.1_re_d49fe301d047c11fa20d774f0faf29e7/node_modules/@chromatic-com/playwright/embedded/node_modules/@storybook/builder-webpack5/dist/index.js:840:66
[90m│[39m
[90m└[39m  Storybook exited with an error

